{"DNT_col":1,"PDNT_col":707406378,"OBJ_col":1,"RDNtyp_col":707406378,"cnt_col":1,"ab_cnt_col":0,"ATTm589825":"$NOT_AN_OBJECT1$","ATTk589826":"01000000000000000000000000000000"}
{"DNT_col":2,"PDNT_col":0,"OBJ_col":1,"RDNtyp_col":707406378,"cnt_col":3,"ab_cnt_col":0,"time_col":3038287259199220266,"NCDNT_col":707406378,"IsVisibleInAB":0,"Ancestors_col":"02000000","ATTb49":2,"ATTb131108":3,"ATTc0":65536,"ATTm589825":"$ROOT_OBJECT$","ATTj131073":3,"ATTq131091":11398675699859461,"ATTl131074":11398675699859461,"ATTp131353":"0100000000000000","ATTk589826":"00000000000000000000000000000000"}
{"DNT_col":6,"PDNT_col":2030,"OBJ_col":1,"RDNtyp_col":3,"cnt_col":2,"ab_cnt_col":0,"time_col":13013628273,"NCDNT_col":2030,"IsVisibleInAB":42,"recycle_time_col":3038287259199220266,"Ancestors_col":"02000000d6070000d7070000d8070000ee07000006000000","ATTc590021":10,"ATTm131532":"organization","ATTm131298":"Organization","ATTl591181":3494522856748941316,"ATTc131098":10,"ATTi590342":0,"ATTi131241":1,"ATTc590020":2883624,"ATTm131266":"Organization","ATTb49":6,"ATTc0":50334980,"ATTk589827":"b0050000","ATTc131094":65540,"ATTk589972":"a37a96bfe60dd011a28500aa003049e2","ATTc131093":65536,"ATTm590048":"D:(A;;RPWPCRCCDCLCLORCWOWDSDDTSW;;;DA)(A;;RPWPCRCCDCLCLORCWOWDSDDTSW;;;SY)(A;;RPLCLORC;;;AU)","ATTi589994":0,"ATTq131192":3494522856748941316,"ATTl131075":3494522856748941316,"ATTm589825":"Organization","ATTb590607":6,"ATTj131442":1,"ATTm3":"Organization","ATTj131073":4,"ATTq131091":3494522856748941316,"ATTl131074":3494522856748941316,"ATTp131353":"0700000000000000","ATTk589826":"2d5641aa2856e348be148245aef718a2","ATTc590019":655366,"ATTb590606":1486,"ATTj590199":16}
{"DNT_col":8,"PDNT_col":2030,"OBJ_col":1,"RDNtyp_col":3,"cnt_col":3,"ab_cnt_col":0,"time_col":13013628273,"NCDNT_col":2030,"IsVisibleInAB":42,"recycle_time_col":3038287259199220266,"Ancestors_col":"02000000d6070000d7070000d8070000ee07000008000000","ATTm131532":"nTDSDSA","ATTm131298":"NTDS-DSA","ATTl591181":3494522865338875908,"ATTc131098":3,"ATTi590342":1,"ATTi131241":1,"ATTc590020":3801142,"ATTm131266":"NTDS-DSA","ATTb49":8,"ATTc0":50334980,"ATTk589827":"9a050000","ATTc131094":1507375,"ATTk589972":"abfff8f09111d011a06000aa006c33ed","ATTc131093":1507377,"ATTm590048":"D:(A;;RPWPCRCCDCLCLORCWOWDSDDTSW;;;DA)(A;;RPWPCRCCDCLCLORCWOWDSDDTSW;;;SY)(A;;RPLCLORC;;;AU)","ATTi589994":1,"ATTq131192":3494522865338875908,"ATTl131075":3494522865338875908,"ATTm589825":"NTDS-DSA","ATTb590607":8,"ATTj131442":1,"ATTm3":"NTDS-DSA","ATTj131073":4,"ATTq131091":3494522865338875908,"ATTl131074":3494522865338875908,"ATTp131353":"0700000000000000","ATTk589826":"6455d6804b5ca5448d2a4a97d2fd3080","ATTc590019":167776516,"ATTb590606":1486,"ATTj590199":16}
{"DNT_col":10,"PDNT_col":2030,"OBJ_col":1,"RDNtyp_col":3,"cnt_col":3,"ab_cnt_col":0,"time_col":13013628273,"NCDNT_col":2030,"IsVisibleInAB":42,"recycle_time_col":3038287259199220266,"Ancestors_col":"02000000d6070000d7070000d8070000ee0700000a000000","ATTc590021":3,"ATTm131532":"dMD","ATTm131298":"DMD","ATTl591181":3494522873928810500,"ATTc131098":3,"ATTi590342":1,"ATTi131241":1,"ATTc590020":1179662,"ATTm131266":"DMD","ATTb49":10,"ATTc0":50334980,"ATTk589827":"99030000","ATTc131094":196617,"ATTk589972":"8f7a96bfe60dd011a28500aa003049e2","ATTc131093":65536,"ATTm590048":"D:(A;;RPWPCRCCDCLCLORCWOWDSDDTSW;;;DA)(A;;RPWPCRCCDCLCLORCWOWDSDDTSW;;;SY)(A;;RPLCLORC;;;AU)","ATTi589994":1,"ATTq131192":3494522873928810500,"ATTl131075":3494522873928810500,"ATTm589825":"DMD","ATTb590607":10,"ATTj131442":1,"ATTm3":"DMD","ATTj131073":4,"ATTq131091":3494522873928810500,"ATTl131074":3494522873928810500,"ATTp131353":"0700000000000000","ATTk589826":"d31faf81b16f6742b8cc3a2c3f4aac41","ATTc590019":655372,"ATTb590606":1486,"ATTj590199":16}
