{"AutoIncId":1,"TimeStamp":"2021-10-07T08:26:00Z","AppId":189,"UserId":155,"NotificationType":1,"PayloadSize":1124,"NetworkType":0}
{"AutoIncId":2,"TimeStamp":"2021-10-07T08:26:00Z","AppId":190,"UserId":155,"NotificationType":1,"PayloadSize":4300,"NetworkType":0}
