{"RoleGuid":"{ad495fc3-0eaa-413d-ba7d-8b13fa7ec598}","TenantId":"{5e210c24-fb44-45c2-996d-4139d5b7fc4c}","TotalAccesses":310,"InsertDate":"2021-06-12T23:47:21Z","LastAccess":"2021-06-13T15:48:08Z","Address":"\u0000\u0000\u0000\u0000\u0000\u0000\u0000\u0000\u0000\u0000\u0000\u0000\u0000\u0000\u0000\u0001","AuthenticatedUserName":"lab\\dc-1$"}
{"RoleGuid":"{ad495fc3-0eaa-413d-ba7d-8b13fa7ec598}","TenantId":"{5e210c24-fb44-45c2-996d-4139d5b7fc4c}","TotalAccesses":101,"InsertDate":"2021-06-12T23:48:45Z","LastAccess":"2021-06-13T12:24:25Z","Address":"\ufffd\ufffd\u0000\u0000\u0000\u0000\u0000\u0000\ufffd\\\ufffdWK\u000c79","AuthenticatedUserName":"lab\\dc-1$"}
