{"ObjidTable":2,"Type":1,"Id":2,"ColtypOrPgnoFDP":4,"SpaceUsage":80,"Flags":-1073741824,"PagesOrLocale":20,"RootFlag":true,"Name":"MSysObjects"}
{"ObjidTable":2,"Type":2,"Id":1,"ColtypOrPgnoFDP":4,"SpaceUsage":4,"Flags":1,"PagesOrLocale":1252,"RootFlag":true,"RecordOffset":4,"Name":"ObjidTable"}
{"ObjidTable":2,"Type":2,"Id":2,"ColtypOrPgnoFDP":3,"SpaceUsage":2,"Flags":1,"PagesOrLocale":1252,"RootFlag":true,"RecordOffset":4,"Name":"Type"}
{"ObjidTable":2,"Type":2,"Id":3,"ColtypOrPgnoFDP":4,"SpaceUsage":4,"Flags":1,"PagesOrLocale":1252,"RootFlag":true,"RecordOffset":4,"Name":"Id"}
{"ObjidTable":2,"Type":2,"Id":4,"ColtypOrPgnoFDP":4,"SpaceUsage":4,"Flags":1,"PagesOrLocale":1252,"RootFlag":true,"RecordOffset":4,"Name":"ColtypOrPgnoFDP"}
{"ObjidTable":2,"Type":2,"Id":5,"ColtypOrPgnoFDP":4,"SpaceUsage":4,"Flags":1,"PagesOrLocale":1252,"RootFlag":true,"RecordOffset":4,"Name":"SpaceUsage"}
{"ObjidTable":2,"Type":2,"Id":6,"ColtypOrPgnoFDP":4,"SpaceUsage":4,"Flags":1,"PagesOrLocale":1252,"RootFlag":true,"RecordOffset":4,"Name":"Flags"}
{"ObjidTable":2,"Type":2,"Id":7,"ColtypOrPgnoFDP":4,"SpaceUsage":4,"Flags":1,"PagesOrLocale":1252,"RootFlag":true,"RecordOffset":4,"Name":"PagesOrLocale"}
{"ObjidTable":2,"Type":2,"Id":8,"ColtypOrPgnoFDP":1,"SpaceUsage":1,"Flags":0,"PagesOrLocale":1252,"RootFlag":true,"RecordOffset":4,"Name":"RootFlag"}
{"ObjidTable":2,"Type":2,"Id":9,"ColtypOrPgnoFDP":3,"SpaceUsage":2,"Flags":0,"PagesOrLocale":1252,"RootFlag":true,"RecordOffset":4,"Name":"RecordOffset"}
{"ObjidTable":2,"Type":1,"Id":2,"ColtypOrPgnoFDP":4,"SpaceUsage":80,"Flags":-1073741824,"PagesOrLocale":20,"RootFlag":true,"Name":"MSysObjects"}
{"ObjidTable":2,"Type":2,"Id":1,"ColtypOrPgnoFDP":4,"SpaceUsage":4,"Flags":1,"PagesOrLocale":1252,"RootFlag":true,"RecordOffset":4,"Name":"ObjidTable"}
{"ObjidTable":2,"Type":2,"Id":2,"ColtypOrPgnoFDP":3,"SpaceUsage":2,"Flags":1,"PagesOrLocale":1252,"RootFlag":true,"RecordOffset":4,"Name":"Type"}
{"ObjidTable":2,"Type":2,"Id":3,"ColtypOrPgnoFDP":4,"SpaceUsage":4,"Flags":1,"PagesOrLocale":1252,"RootFlag":true,"RecordOffset":4,"Name":"Id"}
{"ObjidTable":2,"Type":2,"Id":4,"ColtypOrPgnoFDP":4,"SpaceUsage":4,"Flags":1,"PagesOrLocale":1252,"RootFlag":true,"RecordOffset":4,"Name":"ColtypOrPgnoFDP"}
{"ObjidTable":2,"Type":2,"Id":5,"ColtypOrPgnoFDP":4,"SpaceUsage":4,"Flags":1,"PagesOrLocale":1252,"RootFlag":true,"RecordOffset":4,"Name":"SpaceUsage"}
{"ObjidTable":2,"Type":2,"Id":6,"ColtypOrPgnoFDP":4,"SpaceUsage":4,"Flags":1,"PagesOrLocale":1252,"RootFlag":true,"RecordOffset":4,"Name":"Flags"}
{"ObjidTable":2,"Type":2,"Id":7,"ColtypOrPgnoFDP":4,"SpaceUsage":4,"Flags":1,"PagesOrLocale":1252,"RootFlag":true,"RecordOffset":4,"Name":"PagesOrLocale"}
{"ObjidTable":2,"Type":2,"Id":8,"ColtypOrPgnoFDP":1,"SpaceUsage":1,"Flags":0,"PagesOrLocale":1252,"RootFlag":true,"RecordOffset":4,"Name":"RootFlag"}
{"ObjidTable":2,"Type":2,"Id":9,"ColtypOrPgnoFDP":3,"SpaceUsage":2,"Flags":0,"PagesOrLocale":1252,"RootFlag":true,"RecordOffset":4,"Name":"RecordOffset"}
{"objid":2,"objidTable":2,"type":1}
{"objid":3,"objidTable":3,"type":1}
{"objid":4,"objidTable":2,"type":3}
{"objid":5,"objidTable":2,"type":3}
{"objid":6,"objidTable":6,"type":1}
{"objid":7,"objidTable":7,"type":1}
{"objid":8,"objidTable":8,"type":1}
{"objid":9,"objidTable":9,"type":1}
{"objid":10,"objidTable":8,"type":4}
{"objid":11,"objidTable":9,"type":4}
{"Type":1,"iValue":1,"Key":"2e0053006300680065006d0061005c00450078007400650072006e0061006c005c004d0061006a006f0072000000"}
{"Type":1,"iValue":0,"Key":"2e0053006300680065006d0061005c00450078007400650072006e0061006c005c004d0069006e006f0072000000"}
{"Type":1,"iValue":0,"Key":"2e0053006300680065006d0061005c00450078007400650072006e0061006c005c005500700064006100740065000000"}
{"Type":1,"iValue":1,"Key":"2e0053006300680065006d0061005c0049006e007400650072006e0061006c005c004d0061006a006f0072000000"}
{"Type":1,"iValue":0,"Key":"2e0053006300680065006d0061005c0049006e007400650072006e0061006c005c004d0069006e006f0072000000"}
{"Type":1,"iValue":2,"Key":"2e0053006300680065006d0061005c0049006e007400650072006e0061006c005c005500700064006100740065000000"}
{"Type":2,"iValue":1,"Key":"4d005300790073004c006f00630061006c006500730043006f006e00730069007300740065006e0074000000"}
{"Id":"{d387e452-e2b3-472d-b3b3-85c2be33cbb3}"}
{"Id":"{d387e452-e2b3-472d-b3b3-85c2be33cbb3}"}
{"Id":"{d387e452-e2b3-472d-b3b3-85c2be33cbb3}"}
{"Id":"{877d4c52-ce77-4517-8706-d233e62e5689}"}
{"Id":"{3d282631-7914-43bc-a920-b4bcda67cfd9}"}
{"Id":"{3d282631-7914-43bc-a920-b4bcda67cfd9}"}
{"Id":"{3d282631-7914-43bc-a920-b4bcda67cfd9}"}
{"Id":"{07a5a8bd-7074-45f4-97bc-f158fdd5fe24}"}
{"Id":"{4767c863-01c8-43ff-b482-e0ca9e7a5bf5}"}
{"Id":"{201ed2dc-c7bf-4508-b2df-83469b02fe5e}"}
{"Id":"{3f4a8b1a-98e5-4aa8-a2e7-c0bf1bc6f48d}"}
{"Id":"{3f4a8b1a-98e5-4aa8-a2e7-c0bf1bc6f48d}"}
{"Id":"{5dc35ad1-5407-4fb1-b100-f3723e390962}","Blob":"e4cf9e5146d99743b73e268513051ab22c00000043003a005c00550073006500720073005c0062006f0062005c0041007000700044006100740061005c004c006f00630061006c005c00540065006d0070005c0077006300740034004100320038002e0074006d007000000066000000680074007400700073003a002f002f0067002e006c006900760065002e0063006f006d002f0031007200650077006c00690076006500350073006b007900640072006900760065002f004f006e00650044007200690076006500500072006f00640075006300740069006f006e00560032003f004f006e006500440072006900760065005500700064006100740065003d00310062003000370031003200310039003600660061006600620061003900610063006300340033006300310065003500620062006300380000002c00000043003a005c00550073006500720073005c0062006f0062005c0041007000700044006100740061005c004c006f00630061006c005c00540065006d0070005c0042004900540034004100320038002e0074006d0070000000cb06000000000000cb06000000000000000400000043003a005c000000320000005c005c003f005c0056006f006c0075006d0065007b00350033003700660062003000330036002d0061003300630064002d0034003700610062002d0039006100320063002d003400620061003800370063006300320063003500380038007d005c00000003000000b04f7ea2cb0600000000000080000000000000000000000000809621292227db010000000000000000000000000000000001000000cb0600000000000000000000000000002eb0ad7acf8b2e4db82f4319d2fb5f750100000000000000000001000000000000000000000000000000cb0600000000000000000000000000002eb0ad7acf8b2e4db82f4319d2fb5f75e4cf9e5146d99743b73e268513051ab2"}
{"Id":"{25b2a000-7fcb-4663-aa48-c28cc10288e8}","Blob":"e4cf9e5146d99743b73e268513051ab22c00000043003a005c00550073006500720073005c0062006f0062005c0041007000700044006100740061005c004c006f00630061006c005c00540065006d0070005c0077006300740042003200360039002e0074006d007000000065000000680074007400700073003a002f002f0067002e006c006900760065002e0063006f006d002f0031007200650077006c00690076006500350073006b007900640072006900760065002f004f006e00650044007200690076006500500072006f00640075006300740069006f006e00560032003f004f006e006500440072006900760065005500700064006100740065003d0066003500610031003000320061003700610038006100340061006400640036006500650032006200360035003300340036003100310000002c00000043003a005c00550073006500720073005c0062006f0062005c0041007000700044006100740061005c004c006f00630061006c005c00540065006d0070005c0042004900540042003200370039002e0074006d0070000000cb06000000000000cb06000000000000000400000043003a005c000000320000005c005c003f005c0056006f006c0075006d0065007b00350033003700660062003000330036002d0061003300630064002d0034003700610062002d0039006100320063002d003400620061003800370063006300320063003500380038007d005c00000003000000b04f7ea2cb0600000000000080000000000000000000000000809621292227db010000000000000000000000000000000001000000cb0600000000000000000000000000002eb0ad7acf8b2e4db82f4319d2fb5f750100000000000000000001000000000000000000000000000000cb0600000000000000000000000000002eb0ad7acf8b2e4db82f4319d2fb5f75e4cf9e5146d99743b73e268513051ab2"}
{"Id":"{99b02f54-da6a-4d7b-838d-ccd88046c73e}"}
{"Id":"{99b02f54-da6a-4d7b-838d-ccd88046c73e}"}
{"Id":"{99b02f54-da6a-4d7b-838d-ccd88046c73e}"}
{"Id":"{a0318622-ef58-4cd9-b3d5-ee82565cee93}","Blob":"e4cf9e5146d99743b73e268513051ab21b00000043003a005c00570049004e0044004f00570053005c00540045004d0050005c007700630074003700350043002e0074006d007000000036000000680074007400700073003a002f002f0067002e006c006900760065002e0063006f006d002f0031007200650077006c00690076006500350073006b007900640072006900760065002f004f00440053005500500072006f00640075006300740069006f006e005600320000001b00000043003a005c00570049004e0044004f00570053005c00540045004d0050005c004200490054003700350046002e0074006d007000000083030000000000008303000000000000000400000043003a005c000000320000005c005c003f005c0056006f006c0075006d0065007b00350033003700660062003000330036002d0061003300630064002d0034003700610062002d0039006100320063002d003400620061003800370063006300320063003500380038007d005c00000003000000b04f7ea2830300000000000080000000000000000000000000001c48f4ee26db010000000000000000000000000000000001000000830300000000000000000000000000002eb0ad7acf8b2e4db82f4319d2fb5f750100000000000000000001000000000000000000000000000000830300000000000000000000000000002eb0ad7acf8b2e4db82f4319d2fb5f75e4cf9e5146d99743b73e268513051ab2"}
{"Id":"{bbb14df4-96aa-4efa-95e2-114d35a47a32}","Blob":"e4cf9e5146d99743"}
{"Id":"{5ffbd219-e475-9ecf-5146-d99743b73e26}"}
